C51 COMPILER V7.06   UARTINTERFACE                                                         03/21/2011 11:03:30 PAGE 1   


C51 COMPILER V7.06, COMPILATION OF MODULE UARTINTERFACE
OBJECT MODULE PLACED IN UARTInterface.OBJ
COMPILER INVOKED BY: C:\Keil\C51\BIN\C51.EXE UARTInterface.c ROM(COMPACT) BROWSE DEBUG OBJECTEXTEND

stmt level    source

   1          /*
   2           ----------------------------------------------------
   3           *作    者：温子祺
   4           ----------------------------------------------------
   5           */
   6          #include "stc.h"
   7          #include "global.h"
   8          #include "UARTHardware.h"
   9          #include "UARTInterface.h"
  10          /****************************************************************************************************
  11          *
  12          *                                      变量区
  13          * 
  14          *****************************************************************************************************/
  15          
  16          
  17          /****************************************************************************************************
  18          *
  19          *                                      函数区
  20          * 
  21          *****************************************************************************************************/
  22          /******************************************************************
  23          *函数名称:UARTSendByte
  24          *输    入:b
  25          *输    出:无
  26          *说    明:串口 发送单字节
  27          *******************************************************************/
  28          static
  29          void UARTSendByte(UINT8 b)
  30          {
  31   1               SBUF=b;
  32   1               while(TI==0);
  33   1               TI=0;
  34   1      }
  35          /******************************************************************
  36          *函数名称:UARTCiPrintfString
  37          *输    入:b
  38          *输    出:无
  39          *说    明:串口 发送字符串
  40          *******************************************************************/
  41          void UARTCiPrintfString(const INT8 *str)
  42          {
  43   1           while(str && *str)
  44   1           {
  45   2           
  46   2              UARTSendByte(*str++); 
  47   2                     
  48   2           }
  49   1      
  50   1      }
  51          /******************************************************************
  52          *函数名称:UARTCiInit
  53          *输    入:无
  54          *输    出:无
  55          *说    明:串口 初始化
C51 COMPILER V7.06   UARTINTERFACE                                                         03/21/2011 11:03:30 PAGE 2   

  56          *******************************************************************/
  57          void UARTCiInit(void)
  58          {
  59   1              UARTHwInit();
  60   1      }


MODULE INFORMATION:   STATIC OVERLAYABLE
   CODE SIZE        =     56    ----
   CONSTANT SIZE    =   ----    ----
   XDATA SIZE       =   ----    ----
   PDATA SIZE       =   ----    ----
   DATA SIZE        =   ----       3
   IDATA SIZE       =   ----    ----
   BIT SIZE         =   ----    ----
END OF MODULE INFORMATION.


C51 COMPILATION COMPLETE.  0 WARNING(S),  0 ERROR(S)
