ARM Linker, 4.1 [Build 481] [Professional]

==============================================================================

Section Cross References

    system_stm32f10x.o(i.SetSysClock) refers to system_stm32f10x.o(i.SetSysClockTo72) for SetSysClockTo72
    system_stm32f10x.o(i.SystemInit) refers to system_stm32f10x.o(i.SetSysClock) for SetSysClock
    startup_stm32f10x_cl.o(RESET) refers to startup_stm32f10x_cl.o(STACK) for __initial_sp
    startup_stm32f10x_cl.o(RESET) refers to startup_stm32f10x_cl.o(.text) for Reset_Handler
    startup_stm32f10x_cl.o(RESET) refers to stm32f10x_it.o(i.NMI_Handler) for NMI_Handler
    startup_stm32f10x_cl.o(RESET) refers to stm32f10x_it.o(i.HardFault_Handler) for HardFault_Handler
    startup_stm32f10x_cl.o(RESET) refers to stm32f10x_it.o(i.MemManage_Handler) for MemManage_Handler
    startup_stm32f10x_cl.o(RESET) refers to stm32f10x_it.o(i.BusFault_Handler) for BusFault_Handler
    startup_stm32f10x_cl.o(RESET) refers to stm32f10x_it.o(i.UsageFault_Handler) for UsageFault_Handler
    startup_stm32f10x_cl.o(RESET) refers to stm32f10x_it.o(i.SVC_Handler) for SVC_Handler
    startup_stm32f10x_cl.o(RESET) refers to stm32f10x_it.o(i.DebugMon_Handler) for DebugMon_Handler
    startup_stm32f10x_cl.o(RESET) refers to stm32f10x_it.o(i.PendSV_Handler) for PendSV_Handler
    startup_stm32f10x_cl.o(RESET) refers to stm32f10x_it.o(i.SysTick_Handler) for SysTick_Handler
    startup_stm32f10x_cl.o(.text) refers to entry.o(.ARM.Collect$$$$00000000) for __main
    main.o(i.GPIO_Configuration) refers to eval.o(i.STM_EVAL_LEDInit) for STM_EVAL_LEDInit
    main.o(i.Init_All_Periph) refers to main.o(i.RCC_Configuration) for RCC_Configuration
    main.o(i.Init_All_Periph) refers to main.o(i.NVIC_Configuration) for NVIC_Configuration
    main.o(i.Init_All_Periph) refers to main.o(i.GPIO_Configuration) for GPIO_Configuration
    main.o(i.Init_All_Periph) refers to uart_interface.o(i.USART_Configuration) for USART_Configuration
    main.o(i.NVIC_Configuration) refers to misc.o(i.NVIC_PriorityGroupConfig) for NVIC_PriorityGroupConfig
    main.o(i.NVIC_Configuration) refers to misc.o(i.NVIC_SetVectorTable) for NVIC_SetVectorTable
    main.o(i.RCC_Configuration) refers to system_stm32f10x.o(i.SystemInit) for SystemInit
    main.o(i.main) refers to main.o(i.Init_All_Periph) for Init_All_Periph
    main.o(i.main) refers to systickdelay.o(i.SysTick_Initaize) for SysTick_Initaize
    main.o(i.main) refers to oled.o(i.OLED_Init) for OLED_Init
    main.o(i.main) refers to oled.o(i.OLED_ShowString) for OLED_ShowString
    main.o(i.main) refers to oled.o(i.OLED_Refresh_Gram) for OLED_Refresh_Gram
    main.o(i.main) refers to systickdelay.o(i.delay_ms) for delay_ms
    main.o(i.main) refers to oled.o(i.OLED_Clear) for OLED_Clear
    main.o(i.main) refers to movie.o(i.Movie_Show_Img) for Movie_Show_Img
    main.o(i.main) refers to eval.o(i.STM_EVAL_LEDToggle) for STM_EVAL_LEDToggle
    eval.o(i.STM_EVAL_COMInit) refers to stm32f10x_rcc.o(i.RCC_APB2PeriphClockCmd) for RCC_APB2PeriphClockCmd
    eval.o(i.STM_EVAL_COMInit) refers to stm32f10x_rcc.o(i.RCC_APB1PeriphClockCmd) for RCC_APB1PeriphClockCmd
    eval.o(i.STM_EVAL_COMInit) refers to stm32f10x_gpio.o(i.GPIO_Init) for GPIO_Init
    eval.o(i.STM_EVAL_COMInit) refers to stm32f10x_usart.o(i.USART_Init) for USART_Init
    eval.o(i.STM_EVAL_COMInit) refers to stm32f10x_usart.o(i.USART_Cmd) for USART_Cmd
    eval.o(i.STM_EVAL_COMInit) refers to eval.o(.constdata) for COM_POR_CLK
    eval.o(i.STM_EVAL_COMInit) refers to eval.o(.data) for COM_PORT
    eval.o(i.STM_EVAL_LEDInit) refers to stm32f10x_rcc.o(i.RCC_APB2PeriphClockCmd) for RCC_APB2PeriphClockCmd
    eval.o(i.STM_EVAL_LEDInit) refers to stm32f10x_gpio.o(i.GPIO_Init) for GPIO_Init
    eval.o(i.STM_EVAL_LEDInit) refers to eval.o(.constdata) for GPIO_CLK
    eval.o(i.STM_EVAL_LEDInit) refers to eval.o(.data) for GPIO_PORT
    eval.o(i.STM_EVAL_LEDOff) refers to eval.o(.constdata) for GPIO_PIN
    eval.o(i.STM_EVAL_LEDOff) refers to eval.o(.data) for GPIO_PORT
    eval.o(i.STM_EVAL_LEDOn) refers to eval.o(.constdata) for GPIO_PIN
    eval.o(i.STM_EVAL_LEDOn) refers to eval.o(.data) for GPIO_PORT
    eval.o(i.STM_EVAL_LEDToggle) refers to eval.o(.data) for GPIO_PORT
    eval.o(i.STM_EVAL_LEDToggle) refers to eval.o(.constdata) for GPIO_PIN
    eval.o(i.STM_EVAL_PBGetState) refers to stm32f10x_gpio.o(i.GPIO_ReadInputDataBit) for GPIO_ReadInputDataBit
    eval.o(i.STM_EVAL_PBGetState) refers to eval.o(.constdata) for BUTTON_PIN
    eval.o(i.STM_EVAL_PBGetState) refers to eval.o(.data) for BUTTON_PORT
    eval.o(i.STM_EVAL_PBInit) refers to stm32f10x_rcc.o(i.RCC_APB2PeriphClockCmd) for RCC_APB2PeriphClockCmd
    eval.o(i.STM_EVAL_PBInit) refers to stm32f10x_gpio.o(i.GPIO_Init) for GPIO_Init
    eval.o(i.STM_EVAL_PBInit) refers to stm32f10x_gpio.o(i.GPIO_EXTILineConfig) for GPIO_EXTILineConfig
    eval.o(i.STM_EVAL_PBInit) refers to stm32f10x_exti.o(i.EXTI_Init) for EXTI_Init
    eval.o(i.STM_EVAL_PBInit) refers to misc.o(i.NVIC_Init) for NVIC_Init
    eval.o(i.STM_EVAL_PBInit) refers to eval.o(.constdata) for BUTTON_CLK
    eval.o(i.STM_EVAL_PBInit) refers to eval.o(.data) for BUTTON_PORT
    eval.o(i.STM_EVAL_SendChar) refers to stm32f10x_usart.o(i.USART_SendData) for USART_SendData
    eval.o(i.STM_EVAL_SendChar) refers to stm32f10x_usart.o(i.USART_GetFlagStatus) for USART_GetFlagStatus
    eval.o(i.STM_EVAL_SendChar) refers to eval.o(.data) for COM_USART
    eval.o(i.USART_RX_IntteruptEnable) refers to stm32f10x_usart.o(i.USART_ITConfig) for USART_ITConfig
    eval.o(i.USART_RX_IntteruptEnable) refers to eval.o(.data) for COM_USART
    systickdelay.o(i.SysTick_Initaize) refers to system_stm32f10x.o(.constdata) for SystemFrequency
    systickdelay.o(i.SysTick_Initaize) refers to systickdelay.o(.data) for fac_us
    systickdelay.o(i.delay_ms) refers to systickdelay.o(.data) for fac_ms
    systickdelay.o(i.delay_us) refers to systickdelay.o(.data) for fac_us
    uart_interface.o(i.USART_Configuration) refers to eval.o(i.STM_EVAL_COMInit) for STM_EVAL_COMInit
    uart_interface.o(i.fgetc) refers to stm32f10x_usart.o(i.USART_GetFlagStatus) for USART_GetFlagStatus
    uart_interface.o(i.fgetc) refers to stm32f10x_usart.o(i.USART_ReceiveData) for USART_ReceiveData
    uart_interface.o(i.fputc) refers to eval.o(i.STM_EVAL_SendChar) for STM_EVAL_SendChar
    oled.o(i.OLED_Clear) refers to oled.o(i.OLED_Refresh_Gram) for OLED_Refresh_Gram
    oled.o(i.OLED_Clear) refers to oled.o(.bss) for OLED_GRAM
    oled.o(i.OLED_Display_Off) refers to oled.o(i.OLED_WR_Byte) for OLED_WR_Byte
    oled.o(i.OLED_Display_On) refers to oled.o(i.OLED_WR_Byte) for OLED_WR_Byte
    oled.o(i.OLED_DrawPoint) refers to oled.o(.bss) for OLED_GRAM
    oled.o(i.OLED_Fill) refers to oled.o(i.OLED_DrawPoint) for OLED_DrawPoint
    oled.o(i.OLED_Fill) refers to oled.o(i.OLED_Refresh_Gram) for OLED_Refresh_Gram
    oled.o(i.OLED_Init) refers to stm32f10x_rcc.o(i.RCC_APB2PeriphClockCmd) for RCC_APB2PeriphClockCmd
    oled.o(i.OLED_Init) refers to stm32f10x_gpio.o(i.GPIO_PinRemapConfig) for GPIO_PinRemapConfig
    oled.o(i.OLED_Init) refers to stm32f10x_gpio.o(i.GPIO_Init) for GPIO_Init
    oled.o(i.OLED_Init) refers to stm32f10x_gpio.o(i.GPIO_Write) for GPIO_Write
    oled.o(i.OLED_Init) refers to stm32f10x_gpio.o(i.GPIO_SetBits) for GPIO_SetBits
    oled.o(i.OLED_Init) refers to oled.o(i.OLED_WR_Byte) for OLED_WR_Byte
    oled.o(i.OLED_Init) refers to oled.o(i.OLED_Clear) for OLED_Clear
    oled.o(i.OLED_Refresh_Gram) refers to oled.o(i.OLED_WR_Byte) for OLED_WR_Byte
    oled.o(i.OLED_Refresh_Gram) refers to oled.o(.bss) for OLED_GRAM
    oled.o(i.OLED_ShowChar) refers to oled.o(i.OLED_DrawPoint) for OLED_DrawPoint
    oled.o(i.OLED_ShowChar) refers to oled.o(.constdata) for asc2_1206
    oled.o(i.OLED_ShowNum) refers to oled.o(i.mypow) for mypow
    oled.o(i.OLED_ShowNum) refers to oled.o(i.OLED_ShowChar) for OLED_ShowChar
    oled.o(i.OLED_ShowString) refers to oled.o(i.OLED_Clear) for OLED_Clear
    oled.o(i.OLED_ShowString) refers to oled.o(i.OLED_ShowChar) for OLED_ShowChar
    oled.o(i.OLED_WR_Byte) refers to stm32f10x_gpio.o(i.GPIO_ReadOutputData) for GPIO_ReadOutputData
    oled.o(i.OLED_WR_Byte) refers to stm32f10x_gpio.o(i.GPIO_Write) for GPIO_Write
    oled.o(i.OLED_WR_Byte) refers to stm32f10x_gpio.o(i.GPIO_SetBits) for GPIO_SetBits
    oled.o(i.OLED_WR_Byte) refers to stm32f10x_gpio.o(i.GPIO_ResetBits) for GPIO_ResetBits
    oledhz.o(i.OLED_ShowChar22) refers to oled.o(i.OLED_DrawPoint) for OLED_DrawPoint
    oledhz.o(i.OLED_ShowChar22) refers to oledhz.o(.constdata) for asc2_2211
    oledhz.o(i.OLED_ShowFont22) refers to oled.o(i.OLED_DrawPoint) for OLED_DrawPoint
    oledhz.o(i.OLED_ShowFont22) refers to oledhz.o(.constdata) for user_hz
    oledhz.o(i.OLED_ShowNum22) refers to oled.o(i.mypow) for mypow
    oledhz.o(i.OLED_ShowNum22) refers to oledhz.o(i.OLED_ShowChar22) for OLED_ShowChar22
    oledhz.o(i.OLED_ShowString22) refers to oled.o(i.OLED_Clear) for OLED_Clear
    oledhz.o(i.OLED_ShowString22) refers to oledhz.o(i.OLED_ShowChar22) for OLED_ShowChar22
    movie.o(i.Movie_Show_Img) refers to oled.o(i.OLED_DrawPoint) for OLED_DrawPoint
    movie.o(i.Movie_Show_Img) refers to movie.o(.constdata) for movie_data
    stm32f10x_gpio.o(i.GPIO_AFIODeInit) refers to stm32f10x_rcc.o(i.RCC_APB2PeriphResetCmd) for RCC_APB2PeriphResetCmd
    stm32f10x_gpio.o(i.GPIO_DeInit) refers to stm32f10x_rcc.o(i.RCC_APB2PeriphResetCmd) for RCC_APB2PeriphResetCmd
    stm32f10x_rcc.o(i.RCC_GetClocksFreq) refers to stm32f10x_rcc.o(.data) for APBAHBPrescTable
    stm32f10x_rcc.o(i.RCC_WaitForHSEStartUp) refers to stm32f10x_rcc.o(i.RCC_GetFlagStatus) for RCC_GetFlagStatus
    stm32f10x_usart.o(i.USART_DeInit) refers to stm32f10x_rcc.o(i.RCC_APB2PeriphResetCmd) for RCC_APB2PeriphResetCmd
    stm32f10x_usart.o(i.USART_DeInit) refers to stm32f10x_rcc.o(i.RCC_APB1PeriphResetCmd) for RCC_APB1PeriphResetCmd
    stm32f10x_usart.o(i.USART_Init) refers to stm32f10x_rcc.o(i.RCC_GetClocksFreq) for RCC_GetClocksFreq
    entry.o(.ARM.Collect$$$$00000000) refers (Special) to entry7.o(.ARM.Collect$$$$00000007) for _main_init
    entry.o(.ARM.Collect$$$$00000000) refers (Special) to entry5.o(.ARM.Collect$$$$00000004) for _main_scatterload
    entry.o(.ARM.Collect$$$$00000000) refers (Special) to entry2.o(.ARM.Collect$$$$00000001) for _main_stk
    entry2.o(.ARM.Collect$$$$00000001) refers to entry2.o(.ARM.Collect$$$$00002712) for __lit__00000000
    entry2.o(.ARM.Collect$$$$00002712) refers to startup_stm32f10x_cl.o(STACK) for __initial_sp
    entry2.o(__vectab_stack_and_reset_area) refers to startup_stm32f10x_cl.o(STACK) for __initial_sp
    entry2.o(__vectab_stack_and_reset_area) refers to entry.o(.ARM.Collect$$$$00000000) for __main
    entry5.o(.ARM.Collect$$$$00000004) refers to init.o(.text) for __scatterload
    entry7.o(.ARM.Collect$$$$00000007) refers to main.o(i.main) for main
    init.o(.text) refers to entry5.o(.ARM.Collect$$$$00000004) for __main_after_scatterload


==============================================================================

Removing Unused input sections from the image.

    Removing core_cm3.o(.emb_text), (32 bytes).
    Removing startup_stm32f10x_cl.o(HEAP), (512 bytes).
    Removing main.o(i.Delay), (10 bytes).
    Removing eval.o(i.STM_EVAL_LEDOff), (24 bytes).
    Removing eval.o(i.STM_EVAL_LEDOn), (24 bytes).
    Removing eval.o(i.STM_EVAL_PBGetState), (32 bytes).
    Removing eval.o(i.STM_EVAL_PBInit), (208 bytes).
    Removing eval.o(i.STM_EVAL_SendChar), (44 bytes).
    Removing eval.o(i.USART_RX_IntteruptEnable), (28 bytes).
    Removing systickdelay.o(i.delay_us), (60 bytes).
    Removing uart_interface.o(i.fgetc), (26 bytes).
    Removing uart_interface.o(i.fputc), (18 bytes).
    Removing oled.o(i.OLED_Display_Off), (28 bytes).
    Removing oled.o(i.OLED_Display_On), (28 bytes).
    Removing oled.o(i.OLED_Fill), (58 bytes).
    Removing oled.o(i.OLED_ShowNum), (152 bytes).
    Removing oled.o(i.mypow), (22 bytes).
    Removing oledhz.o(i.OLED_ShowChar22), (144 bytes).
    Removing oledhz.o(i.OLED_ShowFont22), (168 bytes).
    Removing oledhz.o(i.OLED_ShowNum22), (122 bytes).
    Removing oledhz.o(i.OLED_ShowString22), (64 bytes).
    Removing oledhz.o(.constdata), (3333 bytes).
    Removing misc.o(i.NVIC_Init), (132 bytes).
    Removing misc.o(i.NVIC_SystemLPConfig), (44 bytes).
    Removing misc.o(i.SysTick_CLKSourceConfig), (40 bytes).
    Removing stm32f10x_exti.o(i.EXTI_ClearFlag), (12 bytes).
    Removing stm32f10x_exti.o(i.EXTI_ClearITPendingBit), (12 bytes).
    Removing stm32f10x_exti.o(i.EXTI_DeInit), (52 bytes).
    Removing stm32f10x_exti.o(i.EXTI_GenerateSWInterrupt), (24 bytes).
    Removing stm32f10x_exti.o(i.EXTI_GetFlagStatus), (24 bytes).
    Removing stm32f10x_exti.o(i.EXTI_GetITStatus), (44 bytes).
    Removing stm32f10x_exti.o(i.EXTI_Init), (172 bytes).
    Removing stm32f10x_exti.o(i.EXTI_StructInit), (16 bytes).
    Removing stm32f10x_gpio.o(i.GPIO_AFIODeInit), (20 bytes).
    Removing stm32f10x_gpio.o(i.GPIO_DeInit), (200 bytes).
    Removing stm32f10x_gpio.o(i.GPIO_ETH_MediaInterfaceConfig), (12 bytes).
    Removing stm32f10x_gpio.o(i.GPIO_EXTILineConfig), (64 bytes).
    Removing stm32f10x_gpio.o(i.GPIO_EventOutputCmd), (12 bytes).
    Removing stm32f10x_gpio.o(i.GPIO_EventOutputConfig), (32 bytes).
    Removing stm32f10x_gpio.o(i.GPIO_PinLockConfig), (18 bytes).
    Removing stm32f10x_gpio.o(i.GPIO_ReadInputData), (8 bytes).
    Removing stm32f10x_gpio.o(i.GPIO_ReadInputDataBit), (18 bytes).
    Removing stm32f10x_gpio.o(i.GPIO_ReadOutputDataBit), (18 bytes).
    Removing stm32f10x_gpio.o(i.GPIO_StructInit), (16 bytes).
    Removing stm32f10x_gpio.o(i.GPIO_WriteBit), (10 bytes).
    Removing stm32f10x_rcc.o(i.RCC_ADCCLKConfig), (24 bytes).
    Removing stm32f10x_rcc.o(i.RCC_AHBPeriphClockCmd), (32 bytes).
    Removing stm32f10x_rcc.o(i.RCC_APB1PeriphResetCmd), (32 bytes).
    Removing stm32f10x_rcc.o(i.RCC_APB2PeriphResetCmd), (32 bytes).
    Removing stm32f10x_rcc.o(i.RCC_AdjustHSICalibrationValue), (24 bytes).
    Removing stm32f10x_rcc.o(i.RCC_BackupResetCmd), (12 bytes).
    Removing stm32f10x_rcc.o(i.RCC_ClearFlag), (20 bytes).
    Removing stm32f10x_rcc.o(i.RCC_ClearITPendingBit), (12 bytes).
    Removing stm32f10x_rcc.o(i.RCC_ClockSecuritySystemCmd), (12 bytes).
    Removing stm32f10x_rcc.o(i.RCC_DeInit), (76 bytes).
    Removing stm32f10x_rcc.o(i.RCC_GetFlagStatus), (60 bytes).
    Removing stm32f10x_rcc.o(i.RCC_GetITStatus), (24 bytes).
    Removing stm32f10x_rcc.o(i.RCC_GetSYSCLKSource), (16 bytes).
    Removing stm32f10x_rcc.o(i.RCC_HCLKConfig), (24 bytes).
    Removing stm32f10x_rcc.o(i.RCC_HSEConfig), (76 bytes).
    Removing stm32f10x_rcc.o(i.RCC_HSICmd), (12 bytes).
    Removing stm32f10x_rcc.o(i.RCC_ITConfig), (36 bytes).
    Removing stm32f10x_rcc.o(i.RCC_LSEConfig), (52 bytes).
    Removing stm32f10x_rcc.o(i.RCC_LSICmd), (12 bytes).
    Removing stm32f10x_rcc.o(i.RCC_MCOConfig), (12 bytes).
    Removing stm32f10x_rcc.o(i.RCC_PCLK1Config), (24 bytes).
    Removing stm32f10x_rcc.o(i.RCC_PCLK2Config), (24 bytes).
    Removing stm32f10x_rcc.o(i.RCC_PLLCmd), (12 bytes).
    Removing stm32f10x_rcc.o(i.RCC_PLLConfig), (28 bytes).
    Removing stm32f10x_rcc.o(i.RCC_RTCCLKCmd), (12 bytes).
    Removing stm32f10x_rcc.o(i.RCC_RTCCLKConfig), (16 bytes).
    Removing stm32f10x_rcc.o(i.RCC_SYSCLKConfig), (24 bytes).
    Removing stm32f10x_rcc.o(i.RCC_USBCLKConfig), (12 bytes).
    Removing stm32f10x_rcc.o(i.RCC_WaitForHSEStartUp), (48 bytes).
    Removing stm32f10x_usart.o(i.USART_ClearFlag), (18 bytes).
    Removing stm32f10x_usart.o(i.USART_ClearITPendingBit), (30 bytes).
    Removing stm32f10x_usart.o(i.USART_ClockInit), (34 bytes).
    Removing stm32f10x_usart.o(i.USART_ClockStructInit), (12 bytes).
    Removing stm32f10x_usart.o(i.USART_DMACmd), (24 bytes).
    Removing stm32f10x_usart.o(i.USART_DeInit), (156 bytes).
    Removing stm32f10x_usart.o(i.USART_GetFlagStatus), (26 bytes).
    Removing stm32f10x_usart.o(i.USART_GetITStatus), (84 bytes).
    Removing stm32f10x_usart.o(i.USART_HalfDuplexCmd), (24 bytes).
    Removing stm32f10x_usart.o(i.USART_ITConfig), (74 bytes).
    Removing stm32f10x_usart.o(i.USART_IrDACmd), (24 bytes).
    Removing stm32f10x_usart.o(i.USART_IrDAConfig), (18 bytes).
    Removing stm32f10x_usart.o(i.USART_LINBreakDetectLengthConfig), (18 bytes).
    Removing stm32f10x_usart.o(i.USART_LINCmd), (24 bytes).
    Removing stm32f10x_usart.o(i.USART_ReceiveData), (10 bytes).
    Removing stm32f10x_usart.o(i.USART_ReceiverWakeUpCmd), (24 bytes).
    Removing stm32f10x_usart.o(i.USART_SendBreak), (10 bytes).
    Removing stm32f10x_usart.o(i.USART_SendData), (8 bytes).
    Removing stm32f10x_usart.o(i.USART_SetAddress), (18 bytes).
    Removing stm32f10x_usart.o(i.USART_SetGuardTime), (16 bytes).
    Removing stm32f10x_usart.o(i.USART_SetPrescaler), (16 bytes).
    Removing stm32f10x_usart.o(i.USART_SmartCardCmd), (24 bytes).
    Removing stm32f10x_usart.o(i.USART_SmartCardNACKCmd), (24 bytes).
    Removing stm32f10x_usart.o(i.USART_StructInit), (24 bytes).
    Removing stm32f10x_usart.o(i.USART_WakeUpConfig), (18 bytes).

99 unused section(s) (total 7695 bytes) removed from the image.

==============================================================================

Image Symbol Table

    Local Symbols

    Symbol Name                              Value     Ov Type        Size  Object(Section)

    ../../microlib/init/entry.s              0x00000000   Number         0  entry2.o ABSOLUTE
    ../../microlib/init/entry.s              0x00000000   Number         0  entry5.o ABSOLUTE
    ../../microlib/init/entry.s              0x00000000   Number         0  entry.o ABSOLUTE
    ../../microlib/init/entry.s              0x00000000   Number         0  entry7.o ABSOLUTE
    App\main.c                               0x00000000   Number         0  main.o ABSOLUTE
    App\movie.c                              0x00000000   Number         0  movie.o ABSOLUTE
    App\oled.c                               0x00000000   Number         0  oled.o ABSOLUTE
    App\oledhz.c                             0x00000000   Number         0  oledhz.o ABSOLUTE
    App\stm32f10x_it.c                       0x00000000   Number         0  stm32f10x_it.o ABSOLUTE
    LIB\ALIENTEK_MiniSTM32_REVB0_HardWare_V1.1\SysTickDelay.c 0x00000000   Number         0  systickdelay.o ABSOLUTE
    LIB\ALIENTEK_MiniSTM32_REVB0_HardWare_V1.1\UART_INTERFACE.c 0x00000000   Number         0  uart_interface.o ABSOLUTE
    LIB\ALIENTEK_MiniSTM32_REVB0_HardWare_V1.1\eval.c 0x00000000   Number         0  eval.o ABSOLUTE
    LIB\CMSISV1.2.0\Core\CM3\core_cm3.c      0x00000000   Number         0  core_cm3.o ABSOLUTE
    LIB\CMSISV1.2.0\Core\CM3\startup\arm\startup_stm32f10x_cl.s 0x00000000   Number         0  startup_stm32f10x_cl.o ABSOLUTE
    LIB\CMSISV1.2.0\Core\CM3\system_stm32f10x.c 0x00000000   Number         0  system_stm32f10x.o ABSOLUTE
    LIB\STM32F10x_StdPeriph_DriverV3.1.1\src\misc.c 0x00000000   Number         0  misc.o ABSOLUTE
    LIB\STM32F10x_StdPeriph_DriverV3.1.1\src\stm32f10x_exti.c 0x00000000   Number         0  stm32f10x_exti.o ABSOLUTE
    LIB\STM32F10x_StdPeriph_DriverV3.1.1\src\stm32f10x_gpio.c 0x00000000   Number         0  stm32f10x_gpio.o ABSOLUTE
    LIB\STM32F10x_StdPeriph_DriverV3.1.1\src\stm32f10x_rcc.c 0x00000000   Number         0  stm32f10x_rcc.o ABSOLUTE
    LIB\STM32F10x_StdPeriph_DriverV3.1.1\src\stm32f10x_usart.c 0x00000000   Number         0  stm32f10x_usart.o ABSOLUTE
    LIB\\CMSISV1.2.0\\Core\\CM3\\core_cm3.c  0x00000000   Number         0  core_cm3.o ABSOLUTE
    dc.s                                     0x00000000   Number         0  dc.o ABSOLUTE
    handlers.s                               0x00000000   Number         0  handlers.o ABSOLUTE
    init.s                                   0x00000000   Number         0  init.o ABSOLUTE
    RESET                                    0x08000000   Section      336  startup_stm32f10x_cl.o(RESET)
    .ARM.Collect$$$$00000000                 0x08000150   Section        0  entry.o(.ARM.Collect$$$$00000000)
    .ARM.Collect$$$$00000001                 0x08000150   Section        4  entry2.o(.ARM.Collect$$$$00000001)
    .ARM.Collect$$$$00000004                 0x08000154   Section        4  entry5.o(.ARM.Collect$$$$00000004)
    .ARM.Collect$$$$00000007                 0x08000158   Section        8  entry7.o(.ARM.Collect$$$$00000007)
    .ARM.Collect$$$$00002712                 0x08000160   Section        4  entry2.o(.ARM.Collect$$$$00002712)
    __lit__00000000                          0x08000160   Data           4  entry2.o(.ARM.Collect$$$$00002712)
    .text                                    0x08000164   Section       28  startup_stm32f10x_cl.o(.text)
    .text                                    0x08000180   Section       36  init.o(.text)
    i.BusFault_Handler                       0x080001a4   Section        0  stm32f10x_it.o(i.BusFault_Handler)
    i.DebugMon_Handler                       0x080001a8   Section        0  stm32f10x_it.o(i.DebugMon_Handler)
    i.GPIO_Configuration                     0x080001aa   Section        0  main.o(i.GPIO_Configuration)
    i.GPIO_Init                              0x080001ba   Section        0  stm32f10x_gpio.o(i.GPIO_Init)
    i.GPIO_PinRemapConfig                    0x080002cc   Section        0  stm32f10x_gpio.o(i.GPIO_PinRemapConfig)
    i.GPIO_ReadOutputData                    0x0800033c   Section        0  stm32f10x_gpio.o(i.GPIO_ReadOutputData)
    i.GPIO_ResetBits                         0x08000344   Section        0  stm32f10x_gpio.o(i.GPIO_ResetBits)
    i.GPIO_SetBits                           0x08000348   Section        0  stm32f10x_gpio.o(i.GPIO_SetBits)
    i.GPIO_Write                             0x0800034c   Section        0  stm32f10x_gpio.o(i.GPIO_Write)
    i.HardFault_Handler                      0x08000350   Section        0  stm32f10x_it.o(i.HardFault_Handler)
    i.Init_All_Periph                        0x08000354   Section        0  main.o(i.Init_All_Periph)
    i.MemManage_Handler                      0x0800036c   Section        0  stm32f10x_it.o(i.MemManage_Handler)
    i.Movie_Show_Img                         0x08000370   Section        0  movie.o(i.Movie_Show_Img)
    i.NMI_Handler                            0x080003f0   Section        0  stm32f10x_it.o(i.NMI_Handler)
    i.NVIC_Configuration                     0x080003f2   Section        0  main.o(i.NVIC_Configuration)
    i.NVIC_PriorityGroupConfig               0x08000408   Section        0  misc.o(i.NVIC_PriorityGroupConfig)
    i.NVIC_SetVectorTable                    0x0800041c   Section        0  misc.o(i.NVIC_SetVectorTable)
    i.OLED_Clear                             0x08000430   Section        0  oled.o(i.OLED_Clear)
    i.OLED_DrawPoint                         0x08000460   Section        0  oled.o(i.OLED_DrawPoint)
    i.OLED_Init                              0x080004c8   Section        0  oled.o(i.OLED_Init)
    i.OLED_Refresh_Gram                      0x08000618   Section        0  oled.o(i.OLED_Refresh_Gram)
    i.OLED_ShowChar                          0x08000664   Section        0  oled.o(i.OLED_ShowChar)
    i.OLED_ShowString                        0x0800070c   Section        0  oled.o(i.OLED_ShowString)
    i.OLED_WR_Byte                           0x08000750   Section        0  oled.o(i.OLED_WR_Byte)
    i.PendSV_Handler                         0x080007bc   Section        0  stm32f10x_it.o(i.PendSV_Handler)
    i.RCC_APB1PeriphClockCmd                 0x080007c0   Section        0  stm32f10x_rcc.o(i.RCC_APB1PeriphClockCmd)
    i.RCC_APB2PeriphClockCmd                 0x080007e0   Section        0  stm32f10x_rcc.o(i.RCC_APB2PeriphClockCmd)
    i.RCC_Configuration                      0x08000800   Section        0  main.o(i.RCC_Configuration)
    i.RCC_GetClocksFreq                      0x08000808   Section        0  stm32f10x_rcc.o(i.RCC_GetClocksFreq)
    i.STM_EVAL_COMInit                       0x080008dc   Section        0  eval.o(i.STM_EVAL_COMInit)
    i.STM_EVAL_LEDInit                       0x08000980   Section        0  eval.o(i.STM_EVAL_LEDInit)
    i.STM_EVAL_LEDToggle                     0x080009c0   Section        0  eval.o(i.STM_EVAL_LEDToggle)
    i.SVC_Handler                            0x080009e4   Section        0  stm32f10x_it.o(i.SVC_Handler)
    i.SetSysClock                            0x080009e6   Section        0  system_stm32f10x.o(i.SetSysClock)
    SetSysClock                              0x080009e7   Thumb Code     8  system_stm32f10x.o(i.SetSysClock)
    i.SetSysClockTo72                        0x080009f0   Section        0  system_stm32f10x.o(i.SetSysClockTo72)
    SetSysClockTo72                          0x080009f1   Thumb Code   198  system_stm32f10x.o(i.SetSysClockTo72)
    i.SysTick_Handler                        0x08000ac0   Section        0  stm32f10x_it.o(i.SysTick_Handler)
    i.SysTick_Initaize                       0x08000ac4   Section        0  systickdelay.o(i.SysTick_Initaize)
    i.SystemInit                             0x08000b08   Section        0  system_stm32f10x.o(i.SystemInit)
    i.USART_Cmd                              0x08000b5c   Section        0  stm32f10x_usart.o(i.USART_Cmd)
    i.USART_Configuration                    0x08000b74   Section        0  uart_interface.o(i.USART_Configuration)
    i.USART_Init                             0x08000b9c   Section        0  stm32f10x_usart.o(i.USART_Init)
    i.UsageFault_Handler                     0x08000c3c   Section        0  stm32f10x_it.o(i.UsageFault_Handler)
    i.__scatterload_copy                     0x08000c40   Section       14  handlers.o(i.__scatterload_copy)
    i.__scatterload_null                     0x08000c4e   Section        2  handlers.o(i.__scatterload_null)
    i.__scatterload_zeroinit                 0x08000c50   Section       14  handlers.o(i.__scatterload_zeroinit)
    i.delay_ms                               0x08000c60   Section        0  systickdelay.o(i.delay_ms)
    i.main                                   0x08000ca4   Section        0  main.o(i.main)
    .constdata                               0x08000ddc   Section       20  system_stm32f10x.o(.constdata)
    .constdata                               0x08000df0   Section       80  eval.o(.constdata)
    .constdata                               0x08000e40   Section     2660  oled.o(.constdata)
    .constdata                               0x080018a4   Section    70500  movie.o(.constdata)
    .data                                    0x20000000   Section       36  eval.o(.data)
    .data                                    0x20000024   Section        4  systickdelay.o(.data)
    fac_us                                   0x20000024   Data           1  systickdelay.o(.data)
    fac_ms                                   0x20000026   Data           2  systickdelay.o(.data)
    .data                                    0x20000028   Section       20  stm32f10x_rcc.o(.data)
    APBAHBPrescTable                         0x20000028   Data          16  stm32f10x_rcc.o(.data)
    ADCPrescTable                            0x20000038   Data           4  stm32f10x_rcc.o(.data)
    .bss                                     0x2000003c   Section     1024  oled.o(.bss)
    STACK                                    0x20000440   Section     1024  startup_stm32f10x_cl.o(STACK)

    Global Symbols

    Symbol Name                              Value     Ov Type        Size  Object(Section)

    BuildAttributes$$THM_ISAv4$P$D$K$B$S$PE$A:L22UL41UL21$X:L11$S22US41US21$IEEE1$IW$USESV6$~STKCKD$USESV7$~SHL$OSPACE$EBA8$MICROLIB$REQ8$PRES8$EABIv2 0x00000000   Number         0  anon$$obj.o ABSOLUTE
    __ARM_use_no_argv                        0x00000000   Number         0  main.o ABSOLUTE
    __decompress                              - Undefined Weak Reference
    __Vectors_Size                           0x00000150   Number         0  startup_stm32f10x_cl.o ABSOLUTE
    __Vectors                                0x08000000   Data           4  startup_stm32f10x_cl.o(RESET)
    __Vectors_End                            0x08000150   Data           0  startup_stm32f10x_cl.o(RESET)
    __main                                   0x08000151   Thumb Code     0  entry.o(.ARM.Collect$$$$00000000)
    _main_stk                                0x08000151   Thumb Code     0  entry2.o(.ARM.Collect$$$$00000001)
    _main_scatterload                        0x08000155   Thumb Code     0  entry5.o(.ARM.Collect$$$$00000004)
    __main_after_scatterload                 0x08000159   Thumb Code     0  entry5.o(.ARM.Collect$$$$00000004)
    _main_init                               0x08000159   Thumb Code     0  entry7.o(.ARM.Collect$$$$00000007)
    Reset_Handler                            0x08000165   Thumb Code     4  startup_stm32f10x_cl.o(.text)
    ADC1_2_IRQHandler                        0x0800017b   Thumb Code     0  startup_stm32f10x_cl.o(.text)
    CAN1_RX0_IRQHandler                      0x0800017b   Thumb Code     0  startup_stm32f10x_cl.o(.text)
    CAN1_RX1_IRQHandler                      0x0800017b   Thumb Code     0  startup_stm32f10x_cl.o(.text)
    CAN1_SCE_IRQHandler                      0x0800017b   Thumb Code     0  startup_stm32f10x_cl.o(.text)
    CAN1_TX_IRQHandler                       0x0800017b   Thumb Code     0  startup_stm32f10x_cl.o(.text)
    CAN2_RX0_IRQHandler                      0x0800017b   Thumb Code     0  startup_stm32f10x_cl.o(.text)
    CAN2_RX1_IRQHandler                      0x0800017b   Thumb Code     0  startup_stm32f10x_cl.o(.text)
    CAN2_SCE_IRQHandler                      0x0800017b   Thumb Code     0  startup_stm32f10x_cl.o(.text)
    CAN2_TX_IRQHandler                       0x0800017b   Thumb Code     0  startup_stm32f10x_cl.o(.text)
    DMA1_Channel1_IRQHandler                 0x0800017b   Thumb Code     0  startup_stm32f10x_cl.o(.text)
    DMA1_Channel2_IRQHandler                 0x0800017b   Thumb Code     0  startup_stm32f10x_cl.o(.text)
    DMA1_Channel3_IRQHandler                 0x0800017b   Thumb Code     0  startup_stm32f10x_cl.o(.text)
    DMA1_Channel4_IRQHandler                 0x0800017b   Thumb Code     0  startup_stm32f10x_cl.o(.text)
    DMA1_Channel5_IRQHandler                 0x0800017b   Thumb Code     0  startup_stm32f10x_cl.o(.text)
    DMA1_Channel6_IRQHandler                 0x0800017b   Thumb Code     0  startup_stm32f10x_cl.o(.text)
    DMA1_Channel7_IRQHandler                 0x0800017b   Thumb Code     0  startup_stm32f10x_cl.o(.text)
    DMA2_Channel1_IRQHandler                 0x0800017b   Thumb Code     0  startup_stm32f10x_cl.o(.text)
    DMA2_Channel2_IRQHandler                 0x0800017b   Thumb Code     0  startup_stm32f10x_cl.o(.text)
    DMA2_Channel3_IRQHandler                 0x0800017b   Thumb Code     0  startup_stm32f10x_cl.o(.text)
    DMA2_Channel4_IRQHandler                 0x0800017b   Thumb Code     0  startup_stm32f10x_cl.o(.text)
    DMA2_Channel5_IRQHandler                 0x0800017b   Thumb Code     0  startup_stm32f10x_cl.o(.text)
    ETH_IRQHandler                           0x0800017b   Thumb Code     0  startup_stm32f10x_cl.o(.text)
    ETH_WKUP_IRQHandler                      0x0800017b   Thumb Code     0  startup_stm32f10x_cl.o(.text)
    EXTI0_IRQHandler                         0x0800017b   Thumb Code     0  startup_stm32f10x_cl.o(.text)
    EXTI15_10_IRQHandler                     0x0800017b   Thumb Code     0  startup_stm32f10x_cl.o(.text)
    EXTI1_IRQHandler                         0x0800017b   Thumb Code     0  startup_stm32f10x_cl.o(.text)
    EXTI2_IRQHandler                         0x0800017b   Thumb Code     0  startup_stm32f10x_cl.o(.text)
    EXTI3_IRQHandler                         0x0800017b   Thumb Code     0  startup_stm32f10x_cl.o(.text)
    EXTI4_IRQHandler                         0x0800017b   Thumb Code     0  startup_stm32f10x_cl.o(.text)
    EXTI9_5_IRQHandler                       0x0800017b   Thumb Code     0  startup_stm32f10x_cl.o(.text)
    FLASH_IRQHandler                         0x0800017b   Thumb Code     0  startup_stm32f10x_cl.o(.text)
    I2C1_ER_IRQHandler                       0x0800017b   Thumb Code     0  startup_stm32f10x_cl.o(.text)
    I2C1_EV_IRQHandler                       0x0800017b   Thumb Code     0  startup_stm32f10x_cl.o(.text)
    I2C2_ER_IRQHandler                       0x0800017b   Thumb Code     0  startup_stm32f10x_cl.o(.text)
    I2C2_EV_IRQHandler                       0x0800017b   Thumb Code     0  startup_stm32f10x_cl.o(.text)
    OTG_FS_IRQHandler                        0x0800017b   Thumb Code     0  startup_stm32f10x_cl.o(.text)
    OTG_FS_WKUP_IRQHandler                   0x0800017b   Thumb Code     0  startup_stm32f10x_cl.o(.text)
    PVD_IRQHandler                           0x0800017b   Thumb Code     0  startup_stm32f10x_cl.o(.text)
    RCC_IRQHandler                           0x0800017b   Thumb Code     0  startup_stm32f10x_cl.o(.text)
    RTCAlarm_IRQHandler                      0x0800017b   Thumb Code     0  startup_stm32f10x_cl.o(.text)
    RTC_IRQHandler                           0x0800017b   Thumb Code     0  startup_stm32f10x_cl.o(.text)
    SPI1_IRQHandler                          0x0800017b   Thumb Code     0  startup_stm32f10x_cl.o(.text)
    SPI2_IRQHandler                          0x0800017b   Thumb Code     0  startup_stm32f10x_cl.o(.text)
    SPI3_IRQHandler                          0x0800017b   Thumb Code     0  startup_stm32f10x_cl.o(.text)
    TAMPER_IRQHandler                        0x0800017b   Thumb Code     0  startup_stm32f10x_cl.o(.text)
    TIM1_BRK_IRQHandler                      0x0800017b   Thumb Code     0  startup_stm32f10x_cl.o(.text)
    TIM1_CC_IRQHandler                       0x0800017b   Thumb Code     0  startup_stm32f10x_cl.o(.text)
    TIM1_TRG_COM_IRQHandler                  0x0800017b   Thumb Code     0  startup_stm32f10x_cl.o(.text)
    TIM1_UP_IRQHandler                       0x0800017b   Thumb Code     0  startup_stm32f10x_cl.o(.text)
    TIM2_IRQHandler                          0x0800017b   Thumb Code     0  startup_stm32f10x_cl.o(.text)
    TIM3_IRQHandler                          0x0800017b   Thumb Code     0  startup_stm32f10x_cl.o(.text)
    TIM4_IRQHandler                          0x0800017b   Thumb Code     0  startup_stm32f10x_cl.o(.text)
    TIM5_IRQHandler                          0x0800017b   Thumb Code     0  startup_stm32f10x_cl.o(.text)
    TIM6_IRQHandler                          0x0800017b   Thumb Code     0  startup_stm32f10x_cl.o(.text)
    TIM7_IRQHandler                          0x0800017b   Thumb Code     0  startup_stm32f10x_cl.o(.text)
    UART4_IRQHandler                         0x0800017b   Thumb Code     0  startup_stm32f10x_cl.o(.text)
    UART5_IRQHandler                         0x0800017b   Thumb Code     0  startup_stm32f10x_cl.o(.text)
    USART1_IRQHandler                        0x0800017b   Thumb Code     0  startup_stm32f10x_cl.o(.text)
    USART2_IRQHandler                        0x0800017b   Thumb Code     0  startup_stm32f10x_cl.o(.text)
    USART3_IRQHandler                        0x0800017b   Thumb Code     0  startup_stm32f10x_cl.o(.text)
    WWDG_IRQHandler                          0x0800017b   Thumb Code     0  startup_stm32f10x_cl.o(.text)
    __scatterload                            0x08000181   Thumb Code    28  init.o(.text)
    __scatterload_rt2                        0x08000181   Thumb Code     0  init.o(.text)
    BusFault_Handler                         0x080001a5   Thumb Code     4  stm32f10x_it.o(i.BusFault_Handler)
    DebugMon_Handler                         0x080001a9   Thumb Code     2  stm32f10x_it.o(i.DebugMon_Handler)
    GPIO_Configuration                       0x080001ab   Thumb Code    16  main.o(i.GPIO_Configuration)
    GPIO_Init                                0x080001bb   Thumb Code   274  stm32f10x_gpio.o(i.GPIO_Init)
    GPIO_PinRemapConfig                      0x080002cd   Thumb Code   106  stm32f10x_gpio.o(i.GPIO_PinRemapConfig)
    GPIO_ReadOutputData                      0x0800033d   Thumb Code     8  stm32f10x_gpio.o(i.GPIO_ReadOutputData)
    GPIO_ResetBits                           0x08000345   Thumb Code     4  stm32f10x_gpio.o(i.GPIO_ResetBits)
    GPIO_SetBits                             0x08000349   Thumb Code     4  stm32f10x_gpio.o(i.GPIO_SetBits)
    GPIO_Write                               0x0800034d   Thumb Code     4  stm32f10x_gpio.o(i.GPIO_Write)
    HardFault_Handler                        0x08000351   Thumb Code     4  stm32f10x_it.o(i.HardFault_Handler)
    Init_All_Periph                          0x08000355   Thumb Code    24  main.o(i.Init_All_Periph)
    MemManage_Handler                        0x0800036d   Thumb Code     4  stm32f10x_it.o(i.MemManage_Handler)
    Movie_Show_Img                           0x08000371   Thumb Code   122  movie.o(i.Movie_Show_Img)
    NMI_Handler                              0x080003f1   Thumb Code     2  stm32f10x_it.o(i.NMI_Handler)
    NVIC_Configuration                       0x080003f3   Thumb Code    22  main.o(i.NVIC_Configuration)
    NVIC_PriorityGroupConfig                 0x08000409   Thumb Code    10  misc.o(i.NVIC_PriorityGroupConfig)
    NVIC_SetVectorTable                      0x0800041d   Thumb Code    12  misc.o(i.NVIC_SetVectorTable)
    OLED_Clear                               0x08000431   Thumb Code    42  oled.o(i.OLED_Clear)
    OLED_DrawPoint                           0x08000461   Thumb Code   100  oled.o(i.OLED_DrawPoint)
    OLED_Init                                0x080004c9   Thumb Code   324  oled.o(i.OLED_Init)
    OLED_Refresh_Gram                        0x08000619   Thumb Code    70  oled.o(i.OLED_Refresh_Gram)
    OLED_ShowChar                            0x08000665   Thumb Code   158  oled.o(i.OLED_ShowChar)
    OLED_ShowString                          0x0800070d   Thumb Code    68  oled.o(i.OLED_ShowString)
    OLED_WR_Byte                             0x08000751   Thumb Code   100  oled.o(i.OLED_WR_Byte)
    PendSV_Handler                           0x080007bd   Thumb Code     2  stm32f10x_it.o(i.PendSV_Handler)
    RCC_APB1PeriphClockCmd                   0x080007c1   Thumb Code    26  stm32f10x_rcc.o(i.RCC_APB1PeriphClockCmd)
    RCC_APB2PeriphClockCmd                   0x080007e1   Thumb Code    26  stm32f10x_rcc.o(i.RCC_APB2PeriphClockCmd)
    RCC_Configuration                        0x08000801   Thumb Code     8  main.o(i.RCC_Configuration)
    RCC_GetClocksFreq                        0x08000809   Thumb Code   192  stm32f10x_rcc.o(i.RCC_GetClocksFreq)
    STM_EVAL_COMInit                         0x080008dd   Thumb Code   138  eval.o(i.STM_EVAL_COMInit)
    STM_EVAL_LEDInit                         0x08000981   Thumb Code    52  eval.o(i.STM_EVAL_LEDInit)
    STM_EVAL_LEDToggle                       0x080009c1   Thumb Code    26  eval.o(i.STM_EVAL_LEDToggle)
    SVC_Handler                              0x080009e5   Thumb Code     2  stm32f10x_it.o(i.SVC_Handler)
    SysTick_Handler                          0x08000ac1   Thumb Code     2  stm32f10x_it.o(i.SysTick_Handler)
    SysTick_Initaize                         0x08000ac5   Thumb Code    50  systickdelay.o(i.SysTick_Initaize)
    SystemInit                               0x08000b09   Thumb Code    70  system_stm32f10x.o(i.SystemInit)
    USART_Cmd                                0x08000b5d   Thumb Code    24  stm32f10x_usart.o(i.USART_Cmd)
    USART_Configuration                      0x08000b75   Thumb Code    40  uart_interface.o(i.USART_Configuration)
    USART_Init                               0x08000b9d   Thumb Code   156  stm32f10x_usart.o(i.USART_Init)
    UsageFault_Handler                       0x08000c3d   Thumb Code     4  stm32f10x_it.o(i.UsageFault_Handler)
    __scatterload_copy                       0x08000c41   Thumb Code    14  handlers.o(i.__scatterload_copy)
    __scatterload_null                       0x08000c4f   Thumb Code     2  handlers.o(i.__scatterload_null)
    __scatterload_zeroinit                   0x08000c51   Thumb Code    14  handlers.o(i.__scatterload_zeroinit)
    delay_ms                                 0x08000c61   Thumb Code    64  systickdelay.o(i.delay_ms)
    main                                     0x08000ca5   Thumb Code   266  main.o(i.main)
    SystemFrequency                          0x08000ddc   Data           4  system_stm32f10x.o(.constdata)
    SystemFrequency_SysClk                   0x08000de0   Data           4  system_stm32f10x.o(.constdata)
    SystemFrequency_AHBClk                   0x08000de4   Data           4  system_stm32f10x.o(.constdata)
    SystemFrequency_APB1Clk                  0x08000de8   Data           4  system_stm32f10x.o(.constdata)
    SystemFrequency_APB2Clk                  0x08000dec   Data           4  system_stm32f10x.o(.constdata)
    GPIO_PIN                                 0x08000df0   Data           4  eval.o(.constdata)
    GPIO_CLK                                 0x08000df4   Data           8  eval.o(.constdata)
    BUTTON_PIN                               0x08000dfc   Data           6  eval.o(.constdata)
    BUTTON_CLK                               0x08000e04   Data          12  eval.o(.constdata)
    BUTTON_EXTI_LINE                         0x08000e10   Data           6  eval.o(.constdata)
    BUTTON_PORT_SOURCE                       0x08000e16   Data           6  eval.o(.constdata)
    BUTTON_PIN_SOURCE                        0x08000e1c   Data           6  eval.o(.constdata)
    BUTTON_IRQn                              0x08000e22   Data           6  eval.o(.constdata)
    COM_USART_CLK                            0x08000e28   Data           8  eval.o(.constdata)
    COM_POR_CLK                              0x08000e30   Data           8  eval.o(.constdata)
    COM_TX_PIN                               0x08000e38   Data           4  eval.o(.constdata)
    COM_RX_PIN                               0x08000e3c   Data           4  eval.o(.constdata)
    asc2_1206                                0x08000e40   Data        1140  oled.o(.constdata)
    asc2_1608                                0x080012b4   Data        1520  oled.o(.constdata)
    movie_data                               0x080018a4   Data       70500  movie.o(.constdata)
    Region$$Table$$Base                      0x08012c08   Number         0  anon$$obj.o(Region$$Table)
    Region$$Table$$Limit                     0x08012c28   Number         0  anon$$obj.o(Region$$Table)
    GPIO_PORT                                0x20000000   Data           8  eval.o(.data)
    BUTTON_PORT                              0x20000008   Data          12  eval.o(.data)
    COM_USART                                0x20000014   Data           8  eval.o(.data)
    COM_PORT                                 0x2000001c   Data           8  eval.o(.data)
    OLED_GRAM                                0x2000003c   Data        1024  oled.o(.bss)
    __initial_sp                             0x20000840   Data           0  startup_stm32f10x_cl.o(STACK)



==============================================================================

Memory Map of the image

  Image Entry point : 0x08000151

  Load Region LR_IROM1 (Base: 0x08000000, Size: 0x00012c64, Max: 0x00020000, ABSOLUTE)

    Execution Region ER_IROM1 (Base: 0x08000000, Size: 0x00012c28, Max: 0x00020000, ABSOLUTE)

    Base Addr    Size         Type   Attr      Idx    E Section Name        Object

    0x08000000   0x00000150   Data   RO          116    RESET               startup_stm32f10x_cl.o
    0x08000150   0x00000000   Code   RO         1121  * .ARM.Collect$$$$00000000  mc_w.l(entry.o)(mc_w.l)
    0x08000150   0x00000004   Code   RO         1124    .ARM.Collect$$$$00000001  mc_w.l(entry2.o)(mc_w.l)
    0x08000154   0x00000004   Code   RO         1127    .ARM.Collect$$$$00000004  mc_w.l(entry5.o)(mc_w.l)
    0x08000158   0x00000008   Code   RO         1128    .ARM.Collect$$$$00000007  mc_w.l(entry7.o)(mc_w.l)
    0x08000160   0x00000004   Code   RO         1125    .ARM.Collect$$$$00002712  mc_w.l(entry2.o)(mc_w.l)
    0x08000164   0x0000001c   Code   RO          117    .text               startup_stm32f10x_cl.o
    0x08000180   0x00000024   Code   RO         1129    .text               mc_w.l(init.o)(mc_w.l)
    0x080001a4   0x00000004   Code   RO          214    i.BusFault_Handler  stm32f10x_it.o
    0x080001a8   0x00000002   Code   RO          215    i.DebugMon_Handler  stm32f10x_it.o
    0x080001aa   0x00000010   Code   RO          122    i.GPIO_Configuration  main.o
    0x080001ba   0x00000112   Code   RO          645    i.GPIO_Init         stm32f10x_gpio.o
    0x080002cc   0x00000070   Code   RO          647    i.GPIO_PinRemapConfig  stm32f10x_gpio.o
    0x0800033c   0x00000008   Code   RO          650    i.GPIO_ReadOutputData  stm32f10x_gpio.o
    0x08000344   0x00000004   Code   RO          652    i.GPIO_ResetBits    stm32f10x_gpio.o
    0x08000348   0x00000004   Code   RO          653    i.GPIO_SetBits      stm32f10x_gpio.o
    0x0800034c   0x00000004   Code   RO          655    i.GPIO_Write        stm32f10x_gpio.o
    0x08000350   0x00000004   Code   RO          216    i.HardFault_Handler  stm32f10x_it.o
    0x08000354   0x00000018   Code   RO          123    i.Init_All_Periph   main.o
    0x0800036c   0x00000004   Code   RO          217    i.MemManage_Handler  stm32f10x_it.o
    0x08000370   0x00000080   Code   RO          531    i.Movie_Show_Img    movie.o
    0x080003f0   0x00000002   Code   RO          218    i.NMI_Handler       stm32f10x_it.o
    0x080003f2   0x00000016   Code   RO          124    i.NVIC_Configuration  main.o
    0x08000408   0x00000014   Code   RO          550    i.NVIC_PriorityGroupConfig  misc.o
    0x0800041c   0x00000014   Code   RO          551    i.NVIC_SetVectorTable  misc.o
    0x08000430   0x00000030   Code   RO          410    i.OLED_Clear        oled.o
    0x08000460   0x00000068   Code   RO          413    i.OLED_DrawPoint    oled.o
    0x080004c8   0x00000150   Code   RO          415    i.OLED_Init         oled.o
    0x08000618   0x0000004c   Code   RO          416    i.OLED_Refresh_Gram  oled.o
    0x08000664   0x000000a8   Code   RO          417    i.OLED_ShowChar     oled.o
    0x0800070c   0x00000044   Code   RO          419    i.OLED_ShowString   oled.o
    0x08000750   0x0000006c   Code   RO          420    i.OLED_WR_Byte      oled.o
    0x080007bc   0x00000002   Code   RO          219    i.PendSV_Handler    stm32f10x_it.o
    0x080007be   0x00000002   PAD
    0x080007c0   0x00000020   Code   RO          755    i.RCC_APB1PeriphClockCmd  stm32f10x_rcc.o
    0x080007e0   0x00000020   Code   RO          757    i.RCC_APB2PeriphClockCmd  stm32f10x_rcc.o
    0x08000800   0x00000008   Code   RO          125    i.RCC_Configuration  main.o
    0x08000808   0x000000d4   Code   RO          765    i.RCC_GetClocksFreq  stm32f10x_rcc.o
    0x080008dc   0x000000a4   Code   RO          277    i.STM_EVAL_COMInit  eval.o
    0x08000980   0x00000040   Code   RO          278    i.STM_EVAL_LEDInit  eval.o
    0x080009c0   0x00000024   Code   RO          281    i.STM_EVAL_LEDToggle  eval.o
    0x080009e4   0x00000002   Code   RO          220    i.SVC_Handler       stm32f10x_it.o
    0x080009e6   0x00000008   Code   RO           17    i.SetSysClock       system_stm32f10x.o
    0x080009ee   0x00000002   PAD
    0x080009f0   0x000000d0   Code   RO           18    i.SetSysClockTo72   system_stm32f10x.o
    0x08000ac0   0x00000002   Code   RO          221    i.SysTick_Handler   stm32f10x_it.o
    0x08000ac2   0x00000002   PAD
    0x08000ac4   0x00000044   Code   RO          347    i.SysTick_Initaize  systickdelay.o
    0x08000b08   0x00000054   Code   RO           19    i.SystemInit        system_stm32f10x.o
    0x08000b5c   0x00000018   Code   RO          957    i.USART_Cmd         stm32f10x_usart.o
    0x08000b74   0x00000028   Code   RO          376    i.USART_Configuration  uart_interface.o
    0x08000b9c   0x000000a0   Code   RO          964    i.USART_Init        stm32f10x_usart.o
    0x08000c3c   0x00000004   Code   RO          222    i.UsageFault_Handler  stm32f10x_it.o
    0x08000c40   0x0000000e   Code   RO         1133    i.__scatterload_copy  mc_w.l(handlers.o)(mc_w.l)
    0x08000c4e   0x00000002   Code   RO         1134    i.__scatterload_null  mc_w.l(handlers.o)(mc_w.l)
    0x08000c50   0x0000000e   Code   RO         1135    i.__scatterload_zeroinit  mc_w.l(handlers.o)(mc_w.l)
    0x08000c5e   0x00000002   PAD
    0x08000c60   0x00000044   Code   RO          348    i.delay_ms          systickdelay.o
    0x08000ca4   0x00000138   Code   RO          126    i.main              main.o
    0x08000ddc   0x00000014   Data   RO           20    .constdata          system_stm32f10x.o
    0x08000df0   0x00000050   Data   RO          286    .constdata          eval.o
    0x08000e40   0x00000a64   Data   RO          423    .constdata          oled.o
    0x080018a4   0x00011364   Data   RO          532    .constdata          movie.o
    0x08012c08   0x00000020   Data   RO         1131    Region$$Table       anon$$obj.o


    Execution Region RW_IRAM1 (Base: 0x20000000, Size: 0x00000840, Max: 0x00005000, ABSOLUTE)

    Base Addr    Size         Type   Attr      Idx    E Section Name        Object

    0x20000000   0x00000024   Data   RW          287    .data               eval.o
    0x20000024   0x00000004   Data   RW          350    .data               systickdelay.o
    0x20000028   0x00000014   Data   RW          785    .data               stm32f10x_rcc.o
    0x2000003c   0x00000400   Zero   RW          422    .bss                oled.o
    0x2000043c   0x00000004   PAD
    0x20000440   0x00000400   Zero   RW          114    STACK               startup_stm32f10x_cl.o


==============================================================================

Image component sizes


      Code (inc. data)   RO Data    RW Data    ZI Data      Debug   Object Name

         0          0          0          0          0          0   core_cm3.o
       264         48         80         36          0          0   eval.o
       382         46          0          0          0          0   main.o
        40         18          0          0          0          0   misc.o
       128          6      70500          0          0          0   movie.o
       908         46       2660          0       1024          0   oled.o
        28          4        336          0       1024          0   startup_stm32f10x_cl.o
       406          6          0          0          0          0   stm32f10x_gpio.o
        26          0          0          0          0          0   stm32f10x_it.o
       276         32          0         20          0          0   stm32f10x_rcc.o
       184          4          0          0          0          0   stm32f10x_usart.o
       300         24         20          0          0          0   system_stm32f10x.o
       136         22          0          4          0          0   systickdelay.o
        40          0          0          0          0          0   uart_interface.o

    ----------------------------------------------------------------------
      3124        256      73628         60       2052          0   Object Totals
         0          0         32          0          0          0   (incl. Generated)
         6          0          0          0          4          0   (incl. Padding)

    ----------------------------------------------------------------------

      Code (inc. data)   RO Data    RW Data    ZI Data      Debug   Library Member Name

         0          0          0          0          0          0   entry.o
         8          4          0          0          0          0   entry2.o
         4          0          0          0          0          0   entry5.o
         8          4          0          0          0          0   entry7.o
        30          0          0          0          0          0   handlers.o
        36          8          0          0          0          0   init.o

    ----------------------------------------------------------------------
        88         16          0          0          0          0   Library Totals
         2          0          0          0          0          0   (incl. Padding)

    ----------------------------------------------------------------------

      Code (inc. data)   RO Data    RW Data    ZI Data      Debug   Library Name

        86         16          0          0          0         68   mc_w.l

    ----------------------------------------------------------------------
        88         16          0          0          0          0   Library Totals

    ----------------------------------------------------------------------

==============================================================================


      Code (inc. data)   RO Data    RW Data    ZI Data      Debug   

      3212        272      73628         60       2052     258680   Grand Totals
      3212        272      73628         60       2052     258680   ELF Image Totals
      3212        272      73628         60          0          0   ROM Totals

==============================================================================

    Total RO  Size (Code + RO Data)                76840 (  75.04kB)
    Total RW  Size (RW Data + ZI Data)              2112 (   2.06kB)
    Total ROM Size (Code + RO Data + RW Data)      76900 (  75.10kB)

==============================================================================

