Thursday, July 10, 11:04:43, 2003

                    Sunplus u'nSP Linker version 1.8.0 (enc)
                    -------------------------------------------

Global Symbol Name                             Global Value     Global Filename
*********************************************************************************************
_RESET                                             8019         "D:\Program Files\Sunplus\unSPIDE180\IDE180\startupD.obj"
__sn_loop                                          8035         "D:\Program Files\Sunplus\unSPIDE180\IDE180\startupD.obj"
__sn_loop2                                         8034         "D:\Program Files\Sunplus\unSPIDE180\IDE180\startupD.obj"
_RES_Table                                         0            "E:\ele_competition\voice\MIC_AD\Debug\Resource.obj"
_main                                              8036         "E:\ele_competition\voice\MIC_AD\Debug\main.obj"
_IRQ1                                              8009         "E:\ele_competition\voice\MIC_AD\Debug\main.obj"
*********************************************************************************************

*********************************************************************************************
*                             S E C T I O N     S U M M A R Y                               *
*********************************************************************************************
*     Section Name                             Startting Address   Ending Address    Size   *
*********************************************************************************************
* "D:\Program Files\Sunplus\unSPIDE180\IDE180\startupD.obj"                                 *
*    DEBUG                                         ----                 ----         ----   *
*    CODE                                          ----                 ----         ----   *
*    DATA                                          ----                 ----         ----   *
*    TEXT                                          ----                 ----         ----   *
*    IRAM                                          ----                 ----         ----   *
*    ISRAM                                         ----                 ----         ----   *
*    RAM                                           ----                 ----         ----   *
*    SRAM                                          ----                 ----         ----   *
*    ORAM                                          ----                 ----         ----   *
*    OSRAM                                         ----                 ----         ----   *
*    NB_DATA                                       ----                 ----         ----   *
*    unSP_StartUp(TEXT)                            8019                 8035         1D     *
* "E:\ele_competition\voice\MIC_AD\Debug\Resource.obj"                                      *
*    DEBUG                                         ----                 ----         ----   *
*    CODE                                          ----                 ----         ----   *
*    DATA                                          ----                 ----         ----   *
*    TEXT                                          ----                 ----         ----   *
*    IRAM                                          ----                 ----         ----   *
*    ISRAM                                         ----                 ----         ----   *
*    RAM                                           ----                 ----         ----   *
*    SRAM                                          ----                 ----         ----   *
*    ORAM                                          ----                 ----         ----   *
*    OSRAM                                         ----                 ----         ----   *
*    NB_DATA                                       ----                 ----         ----   *
*    CTOR                                          ----                 ----         ----   *
*    DTOR                                          ----                 ----         ----   *
*    IM                                            ----                 ----         ----   *
* "E:\ele_competition\voice\MIC_AD\Debug\main.obj"                                          *
*    DEBUG                                         ----                 ----         ----   *
*    CODE                                          8036                 804B         16     *
*    DATA                                          ----                 ----         ----   *
*    TEXT                                          8009                 8018         10     *
*    IRAM                                          ----                 ----         ----   *
*    ISRAM                                         ----                 ----         ----   *
*    RAM                                           ----                 ----         ----   *
*    SRAM                                          ----                 ----         ----   *
*    ORAM                                          ----                 ----         ----   *
*    OSRAM                                         ----                 ----         ----   *
*    NB_DATA                                       ----                 ----         ----   *
*    CTOR                                          ----                 ----         ----   *
*    DTOR                                          ----                 ----         ----   *
*    IM                                            ----                 ----         ----   *
* "Init Table"                                     8000                 8008         9      *
*********************************************************************************************

*********************************************************************************************
*                             M E M O R Y     S U M M A R Y                                 *
*********************************************************************************************
*     Type                          Total               Using        Remain                 *
*********************************************************************************************
* "SRam/OSRam/ISRam"                40                   0            40                    *
* "Ram"                             800                  0            800                   *
* "First Bank Rom"                  7C00                 4C           7BB4                  *
* "Other Banks Rom"                 0                    0            0                     *
*********************************************************************************************

Linker Output Filename : .\Debug\MIC_AD.S37
Disk  Mapping Filename : .\Debug\MIC_AD.map
Symbol  Table FileName : .\Debug\MIC_AD.sym
Format :                 Microtek

Linker Errors :          0
Output Format :          S37
