Sunday, June 14, 17:38:55, 2009

                    Sunplus u'nSP Linker version 1.14.15 (enc)
                    -------------------------------------------

Global Symbol Name                                Global Value     Global Filename
***********************************************************************************************************************************************************************************************************************************************************************************************************
_RESET                                                   8009      "F:\SPCE061A\IDE\startupcode\startupD.obj"
__sn_loop                                                8025      "F:\SPCE061A\IDE\startupcode\startupD.obj"
__sn_loop2                                               8024      "F:\SPCE061A\IDE\startupcode\startupD.obj"
__sn_init_table                                          8000   "Linker internal symbol"
__sn_sp_val                                              7FF    "Linker internal symbol"
_RES_Table                                               0         "E:\单片机整理\凌阳单片机\模组资料\红外测温模组\Demo_Code\TNRFD_Demo1\Debug\Resource.obj"
_FIQ                                                     8026      "E:\单片机整理\凌阳单片机\模组资料\红外测温模组\Demo_Code\TNRFD_Demo1\Debug\isr.obj"
_IRQ0                                                    8027      "E:\单片机整理\凌阳单片机\模组资料\红外测温模组\Demo_Code\TNRFD_Demo1\Debug\isr.obj"
_IRQ1                                                    8028      "E:\单片机整理\凌阳单片机\模组资料\红外测温模组\Demo_Code\TNRFD_Demo1\Debug\isr.obj"
_IRQ2                                                    8029      "E:\单片机整理\凌阳单片机\模组资料\红外测温模组\Demo_Code\TNRFD_Demo1\Debug\isr.obj"
_IRQ3                                                    802A      "E:\单片机整理\凌阳单片机\模组资料\红外测温模组\Demo_Code\TNRFD_Demo1\Debug\isr.obj"
_IRQ4                                                    802B      "E:\单片机整理\凌阳单片机\模组资料\红外测温模组\Demo_Code\TNRFD_Demo1\Debug\isr.obj"
_IRQ5                                                    802C      "E:\单片机整理\凌阳单片机\模组资料\红外测温模组\Demo_Code\TNRFD_Demo1\Debug\isr.obj"
_IRQ6                                                    802D      "E:\单片机整理\凌阳单片机\模组资料\红外测温模组\Demo_Code\TNRFD_Demo1\Debug\isr.obj"
_IRQ7                                                    802E      "E:\单片机整理\凌阳单片机\模组资料\红外测温模组\Demo_Code\TNRFD_Demo1\Debug\isr.obj"
_BREAK                                                   802F      "E:\单片机整理\凌阳单片机\模组资料\红外测温模组\Demo_Code\TNRFD_Demo1\Debug\isr.obj"
_TN_Data_Buff                                            1         "E:\单片机整理\凌阳单片机\模组资料\红外测温模组\Demo_Code\TNRFD_Demo1\Debug\TNRFDriver.obj"
_TN_InitalIO                                             8280      "E:\单片机整理\凌阳单片机\模组资料\红外测温模组\Demo_Code\TNRFD_Demo1\Debug\TNRFDriver.obj"
_TN_IRACK_EN                                             82A1      "E:\单片机整理\凌阳单片机\模组资料\红外测温模组\Demo_Code\TNRFD_Demo1\Debug\TNRFDriver.obj"
_TN_IRACK_UN                                             82AA      "E:\单片机整理\凌阳单片机\模组资料\红外测温模组\Demo_Code\TNRFD_Demo1\Debug\TNRFDriver.obj"
_TN_ReadData                                             82B3      "E:\单片机整理\凌阳单片机\模组资料\红外测温模组\Demo_Code\TNRFD_Demo1\Debug\TNRFDriver.obj"
_main                                                    82E4      "E:\单片机整理\凌阳单片机\模组资料\红外测温模组\Demo_Code\TNRFD_Demo1\Debug\main.obj"
_iTemp                                                   5         "E:\单片机整理\凌阳单片机\模组资料\红外测温模组\Demo_Code\TNRFD_Demo1\Debug\main.obj"
_TN_IR_GetData                                           80FF      "E:\单片机整理\凌阳单片机\模组资料\红外测温模组\Demo_Code\TNRFD_Demo1\Debug\TNDriverUser.obj"
_Delay                                                   8180      "E:\单片机整理\凌阳单片机\模组资料\红外测温模组\Demo_Code\TNRFD_Demo1\Debug\TNDriverUser.obj"
***********************************************************************************************************************************************************************************************************************************************************************************************************

***********************************************************************************************************************************************************************************************************************************************************************************************************
*                             S E C T I O N     S U M M A R Y                                                                                                                                                                                                                                             *
***********************************************************************************************************************************************************************************************************************************************************************************************************
*     Section Name                             Startting Address   Ending Address    Size                                                                                                                                                                                                                 *
***********************************************************************************************************************************************************************************************************************************************************************************************************
* "F:\SPCE061A\IDE\startupcode\startupD.obj"                                                                                                                                                                                                                                                              *
*    DEBUG                                               ----           ----              ----                                                                                                                                                                                                            *
*    CODE                                                ----           ----              ----                                                                                                                                                                                                            *
*    DATA                                                ----           ----              ----                                                                                                                                                                                                            *
*    TEXT                                                ----           ----              ----                                                                                                                                                                                                            *
*    IRAM                                                ----           ----              ----                                                                                                                                                                                                            *
*    ISRAM                                               ----           ----              ----                                                                                                                                                                                                            *
*    RAM                                                 ----           ----              ----                                                                                                                                                                                                            *
*    SRAM                                                ----           ----              ----                                                                                                                                                                                                            *
*    ORAM                                                ----           ----              ----                                                                                                                                                                                                            *
*    OSRAM                                               ----           ----              ----                                                                                                                                                                                                            *
*    NB_DATA                                             ----           ----              ----                                                                                                                                                                                                            *
*    CTOR                                                ----           ----              ----                                                                                                                                                                                                            *
*    DTOR                                                ----           ----              ----                                                                                                                                                                                                            *
*    IM                                                  ----           ----              ----                                                                                                                                                                                                            *
*    LINKONCE                                            ----           ----              ----                                                                                                                                                                                                            *
*    VTBL                                                ----           ----              ----                                                                                                                                                                                                            *
*    NB_MERGE                                            ----           ----              ----                                                                                                                                                                                                            *
*    unSP_StartUp(TEXT)                                  8009           8025              1D                                                                                                                                                                                                              *
* "E:\单片机整理\凌阳单片机\模组资料\红外测温模组\Demo_Code\TNRFD_Demo1\Debug\Resource.obj"                                                                                                                                                                                                               *
*    DEBUG                                               ----           ----              ----                                                                                                                                                                                                            *
*    CODE                                                ----           ----              ----                                                                                                                                                                                                            *
*    DATA                                                ----           ----              ----                                                                                                                                                                                                            *
*    TEXT                                                ----           ----              ----                                                                                                                                                                                                            *
*    IRAM                                                ----           ----              ----                                                                                                                                                                                                            *
*    ISRAM                                               ----           ----              ----                                                                                                                                                                                                            *
*    RAM                                                 ----           ----              ----                                                                                                                                                                                                            *
*    SRAM                                                ----           ----              ----                                                                                                                                                                                                            *
*    ORAM                                                ----           ----              ----                                                                                                                                                                                                            *
*    OSRAM                                               ----           ----              ----                                                                                                                                                                                                            *
*    NB_DATA                                             ----           ----              ----                                                                                                                                                                                                            *
*    CTOR                                                ----           ----              ----                                                                                                                                                                                                            *
*    DTOR                                                ----           ----              ----                                                                                                                                                                                                            *
*    IM                                                  ----           ----              ----                                                                                                                                                                                                            *
*    LINKONCE                                            ----           ----              ----                                                                                                                                                                                                            *
*    VTBL                                                ----           ----              ----                                                                                                                                                                                                            *
*    NB_MERGE                                            ----           ----              ----                                                                                                                                                                                                            *
*    RAM_BANK0                                           ----           ----              ----                                                                                                                                                                                                            *
*    IRAM_BANK0                                          ----           ----              ----                                                                                                                                                                                                            *
*    ORAM_BANK0                                          ----           ----              ----                                                                                                                                                                                                            *
* "E:\单片机整理\凌阳单片机\模组资料\红外测温模组\Demo_Code\TNRFD_Demo1\Debug\isr.obj"                                                                                                                                                                                                                    *
*    DEBUG                                               ----           ----              ----                                                                                                                                                                                                            *
*    CODE                                                ----           ----              ----                                                                                                                                                                                                            *
*    DATA                                                ----           ----              ----                                                                                                                                                                                                            *
*    TEXT                                                8026           802F              A                                                                                                                                                                                                               *
*    IRAM                                                ----           ----              ----                                                                                                                                                                                                            *
*    ISRAM                                               ----           ----              ----                                                                                                                                                                                                            *
*    RAM                                                 ----           ----              ----                                                                                                                                                                                                            *
*    SRAM                                                ----           ----              ----                                                                                                                                                                                                            *
*    ORAM                                                ----           ----              ----                                                                                                                                                                                                            *
*    OSRAM                                               ----           ----              ----                                                                                                                                                                                                            *
*    NB_DATA                                             ----           ----              ----                                                                                                                                                                                                            *
*    CTOR                                                ----           ----              ----                                                                                                                                                                                                            *
*    DTOR                                                ----           ----              ----                                                                                                                                                                                                            *
*    IM                                                  ----           ----              ----                                                                                                                                                                                                            *
*    LINKONCE                                            ----           ----              ----                                                                                                                                                                                                            *
*    VTBL                                                ----           ----              ----                                                                                                                                                                                                            *
*    NB_MERGE                                            ----           ----              ----                                                                                                                                                                                                            *
*    RAM_BANK0                                           ----           ----              ----                                                                                                                                                                                                            *
*    IRAM_BANK0                                          ----           ----              ----                                                                                                                                                                                                            *
*    ORAM_BANK0                                          ----           ----              ----                                                                                                                                                                                                            *
* "E:\单片机整理\凌阳单片机\模组资料\红外测温模组\Demo_Code\TNRFD_Demo1\Debug\TNRFDriver.obj"
*    DEBUG                                               ----           ----              ----                                                                                                                                                                                                            *
*    CODE                                                8280           82E3              64                                                                                                                                                                                                              *
*    DATA                                                ----           ----              ----                                                                                                                                                                                                            *
*    TEXT                                                ----           ----              ----                                                                                                                                                                                                            *
*    IRAM                                                ----           ----              ----                                                                                                                                                                                                            *
*    ISRAM                                               ----           ----              ----                                                                                                                                                                                                            *
*    RAM                                                 1              4                 4                                                                                                                                                                                                               *
*    SRAM                                                ----           ----              ----                                                                                                                                                                                                            *
*    ORAM                                                ----           ----              ----                                                                                                                                                                                                            *
*    OSRAM                                               ----           ----              ----                                                                                                                                                                                                            *
*    NB_DATA                                             ----           ----              ----                                                                                                                                                                                                            *
*    CTOR                                                ----           ----              ----                                                                                                                                                                                                            *
*    DTOR                                                ----           ----              ----                                                                                                                                                                                                            *
*    IM                                                  ----           ----              ----                                                                                                                                                                                                            *
* "E:\单片机整理\凌阳单片机\模组资料\红外测温模组\Demo_Code\TNRFD_Demo1\Debug\main.obj"                                                                                                                                                                                                                   *
*    DEBUG                                               ----           ----              ----                                                                                                                                                                                                            *
*    CODE                                                82E4           832A              47                                                                                                                                                                                                              *
*    DATA                                                ----           ----              ----                                                                                                                                                                                                            *
*    TEXT                                                ----           ----              ----                                                                                                                                                                                                            *
*    IRAM                                                83CB  (5)      83CC  (6)         2                                                                                                                                                                                                               *
*    ISRAM                                               ----           ----              ----                                                                                                                                                                                                            *
*    RAM                                                 ----           ----              ----                                                                                                                                                                                                            *
*    SRAM                                                ----           ----              ----                                                                                                                                                                                                            *
*    ORAM                                                ----           ----              ----                                                                                                                                                                                                            *
*    OSRAM                                               ----           ----              ----                                                                                                                                                                                                            *
*    NB_DATA                                             ----           ----              ----                                                                                                                                                                                                            *
*    CTOR                                                ----           ----              ----                                                                                                                                                                                                            *
*    DTOR                                                ----           ----              ----                                                                                                                                                                                                            *
*    IM                                                  ----           ----              ----                                                                                                                                                                                                            *
*    LINKONCE                                            ----           ----              ----                                                                                                                                                                                                            *
*    VTBL                                                ----           ----              ----                                                                                                                                                                                                            *
*    NB_MERGE                                            ----           ----              ----                                                                                                                                                                                                            *
*    RAM_BANK0                                           ----           ----              ----                                                                                                                                                                                                            *
*    IRAM_BANK0                                          ----           ----              ----                                                                                                                                                                                                            *
*    ORAM_BANK0                                          ----           ----              ----                                                                                                                                                                                                            *
* "E:\单片机整理\凌阳单片机\模组资料\红外测温模组\Demo_Code\TNRFD_Demo1\Debug\TNDriverUser.obj"
*    DEBUG                                               ----           ----              ----                                                                                                                                                                                                            *
*    CODE                                                80FF           81BF              C1                                                                                                                                                                                                              *
*    DATA                                                ----           ----              ----                                                                                                                                                                                                            *
*    TEXT                                                ----           ----              ----                                                                                                                                                                                                            *
*    IRAM                                                ----           ----              ----                                                                                                                                                                                                            *
*    ISRAM                                               ----           ----              ----                                                                                                                                                                                                            *
*    RAM                                                 ----           ----              ----                                                                                                                                                                                                            *
*    SRAM                                                ----           ----              ----                                                                                                                                                                                                            *
*    ORAM                                                ----           ----              ----                                                                                                                                                                                                            *
*    OSRAM                                               ----           ----              ----                                                                                                                                                                                                            *
*    NB_DATA                                             ----           ----              ----                                                                                                                                                                                                            *
*    CTOR                                                ----           ----              ----                                                                                                                                                                                                            *
*    DTOR                                                ----           ----              ----                                                                                                                                                                                                            *
*    IM                                                  ----           ----              ----                                                                                                                                                                                                            *
*    LINKONCE                                            ----           ----              ----                                                                                                                                                                                                            *
*    VTBL                                                ----           ----              ----                                                                                                                                                                                                            *
* "subf2"                                                                                                                                                                                                                                                                                                 *
*    DEBUG                                               ----           ----              ----                                                                                                                                                                                                            *
*    CODE                                                83BF           83CA              C                                                                                                                                                                                                               *
*    DATA                                                ----           ----              ----                                                                                                                                                                                                            *
*    TEXT                                                ----           ----              ----                                                                                                                                                                                                            *
*    IRAM                                                ----           ----              ----                                                                                                                                                                                                            *
*    ISRAM                                               ----           ----              ----                                                                                                                                                                                                            *
*    RAM                                                 ----           ----              ----                                                                                                                                                                                                            *
*    SRAM                                                ----           ----              ----                                                                                                                                                                                                            *
*    ORAM                                                ----           ----              ----                                                                                                                                                                                                            *
*    OSRAM                                               ----           ----              ----                                                                                                                                                                                                            *
*    NB_DATA                                             ----           ----              ----                                                                                                                                                                                                            *
*    CTOR                                                ----           ----              ----                                                                                                                                                                                                            *
*    DTOR                                                ----           ----              ----                                                                                                                                                                                                            *
*    IM                                                  ----           ----              ----                                                                                                                                                                                                            *
*    LINKONCE                                            ----           ----              ----                                                                                                                                                                                                            *
*    VTBL                                                ----           ----              ----                                                                                                                                                                                                            *
* "divf2"                                                                                                                                                                                                                                                                                                 *
*    DEBUG                                               ----           ----              ----                                                                                                                                                                                                            *
*    CODE                                                81C0           827F              C0                                                                                                                                                                                                              *
*    DATA                                                ----           ----              ----                                                                                                                                                                                                            *
*    TEXT                                                ----           ----              ----                                                                                                                                                                                                            *
*    IRAM                                                ----           ----              ----                                                                                                                                                                                                            *
*    ISRAM                                               ----           ----              ----                                                                                                                                                                                                            *
*    RAM                                                 ----           ----              ----                                                                                                                                                                                                            *
*    SRAM                                                ----           ----              ----                                                                                                                                                                                                            *
*    ORAM                                                ----           ----              ----                                                                                                                                                                                                            *
*    OSRAM                                               ----           ----              ----                                                                                                                                                                                                            *
*    NB_DATA                                             ----           ----              ----                                                                                                                                                                                                            *
*    CTOR                                                ----           ----              ----                                                                                                                                                                                                            *
*    DTOR                                                ----           ----              ----                                                                                                                                                                                                            *
*    IM                                                  ----           ----              ----                                                                                                                                                                                                            *
*    LINKONCE                                            ----           ----              ----                                                                                                                                                                                                            *
*    VTBL                                                ----           ----              ----                                                                                                                                                                                                            *
* "cvi2f2"                                                                                                                                                                                                                                                                                                *
*    DEBUG                                               ----           ----              ----                                                                                                                                                                                                            *
*    CODE                                                83A8           83BE              17                                                                                                                                                                                                              *
*    DATA                                                ----           ----              ----                                                                                                                                                                                                            *
*    TEXT                                                ----           ----              ----                                                                                                                                                                                                            *
*    IRAM                                                ----           ----              ----                                                                                                                                                                                                            *
*    ISRAM                                               ----           ----              ----                                                                                                                                                                                                            *
*    RAM                                                 ----           ----              ----                                                                                                                                                                                                            *
*    SRAM                                                ----           ----              ----                                                                                                                                                                                                            *
*    ORAM                                                ----           ----              ----                                                                                                                                                                                                            *
*    OSRAM                                               ----           ----              ----                                                                                                                                                                                                            *
*    NB_DATA                                             ----           ----              ----                                                                                                                                                                                                            *
*    CTOR                                                ----           ----              ----                                                                                                                                                                                                            *
*    DTOR                                                ----           ----              ----                                                                                                                                                                                                            *
*    IM                                                  ----           ----              ----                                                                                                                                                                                                            *
*    LINKONCE                                            ----           ----              ----                                                                                                                                                                                                            *
*    VTBL                                                ----           ----              ----                                                                                                                                                                                                            *
* "addf2"                                                                                                                                                                                                                                                                                                 *
*    DEBUG                                               ----           ----              ----                                                                                                                                                                                                            *
*    CODE                                                8030           80FE              CF                                                                                                                                                                                                              *
*    DATA                                                ----           ----              ----                                                                                                                                                                                                            *
*    TEXT                                                ----           ----              ----                                                                                                                                                                                                            *
*    IRAM                                                ----           ----              ----                                                                                                                                                                                                            *
*    ISRAM                                               ----           ----              ----                                                                                                                                                                                                            *
*    RAM                                                 ----           ----              ----                                                                                                                                                                                                            *
*    SRAM                                                ----           ----              ----                                                                                                                                                                                                            *
*    ORAM                                                ----           ----              ----                                                                                                                                                                                                            *
*    OSRAM                                               ----           ----              ----                                                                                                                                                                                                            *
*    NB_DATA                                             ----           ----              ----                                                                                                                                                                                                            *
*    CTOR                                                ----           ----              ----                                                                                                                                                                                                            *
*    DTOR                                                ----           ----              ----                                                                                                                                                                                                            *
*    IM                                                  ----           ----              ----                                                                                                                                                                                                            *
*    LINKONCE                                            ----           ----              ----                                                                                                                                                                                                            *
*    VTBL                                                ----           ----              ----                                                                                                                                                                                                            *
* "cvi1f2"                                                                                                                                                                                                                                                                                                *
*    DEBUG                                               ----           ----              ----                                                                                                                                                                                                            *
*    CODE                                                832B           836B              41                                                                                                                                                                                                              *
*    DATA                                                ----           ----              ----                                                                                                                                                                                                            *
*    TEXT                                                ----           ----              ----                                                                                                                                                                                                            *
*    IRAM                                                ----           ----              ----                                                                                                                                                                                                            *
*    ISRAM                                               ----           ----              ----                                                                                                                                                                                                            *
*    RAM                                                 ----           ----              ----                                                                                                                                                                                                            *
*    SRAM                                                ----           ----              ----                                                                                                                                                                                                            *
*    ORAM                                                ----           ----              ----                                                                                                                                                                                                            *
*    OSRAM                                               ----           ----              ----                                                                                                                                                                                                            *
*    NB_DATA                                             ----           ----              ----                                                                                                                                                                                                            *
*    CTOR                                                ----           ----              ----                                                                                                                                                                                                            *
*    DTOR                                                ----           ----              ----                                                                                                                                                                                                            *
*    IM                                                  ----           ----              ----                                                                                                                                                                                                            *
*    LINKONCE                                            ----           ----              ----                                                                                                                                                                                                            *
*    VTBL                                                ----           ----              ----                                                                                                                                                                                                            *
* "lshiu2"                                                                                                                                                                                                                                                                                                *
*    DEBUG                                               ----           ----              ----                                                                                                                                                                                                            *
*    CODE                                                836C           8389              1E                                                                                                                                                                                                              *
*    DATA                                                ----           ----              ----                                                                                                                                                                                                            *
*    TEXT                                                ----           ----              ----                                                                                                                                                                                                            *
*    IRAM                                                ----           ----              ----                                                                                                                                                                                                            *
*    ISRAM                                               ----           ----              ----                                                                                                                                                                                                            *
*    RAM                                                 ----           ----              ----                                                                                                                                                                                                            *
*    SRAM                                                ----           ----              ----                                                                                                                                                                                                            *
*    ORAM                                                ----           ----              ----                                                                                                                                                                                                            *
*    OSRAM                                               ----           ----              ----                                                                                                                                                                                                            *
*    NB_DATA                                             ----           ----              ----                                                                                                                                                                                                            *
*    CTOR                                                ----           ----              ----                                                                                                                                                                                                            *
*    DTOR                                                ----           ----              ----                                                                                                                                                                                                            *
*    IM                                                  ----           ----              ----                                                                                                                                                                                                            *
*    LINKONCE                                            ----           ----              ----                                                                                                                                                                                                            *
*    VTBL                                                ----           ----              ----                                                                                                                                                                                                            *
* "rshu2"                                                                                                                                                                                                                                                                                                 *
*    DEBUG                                               ----           ----              ----                                                                                                                                                                                                            *
*    CODE                                                838A           83A7              1E                                                                                                                                                                                                              *
*    DATA                                                ----           ----              ----                                                                                                                                                                                                            *
*    TEXT                                                ----           ----              ----                                                                                                                                                                                                            *
*    IRAM                                                ----           ----              ----                                                                                                                                                                                                            *
*    ISRAM                                               ----           ----              ----                                                                                                                                                                                                            *
*    RAM                                                 ----           ----              ----                                                                                                                                                                                                            *
*    SRAM                                                ----           ----              ----                                                                                                                                                                                                            *
*    ORAM                                                ----           ----              ----                                                                                                                                                                                                            *
*    OSRAM                                               ----           ----              ----                                                                                                                                                                                                            *
*    NB_DATA                                             ----           ----              ----                                                                                                                                                                                                            *
*    CTOR                                                ----           ----              ----                                                                                                                                                                                                            *
*    DTOR                                                ----           ----              ----                                                                                                                                                                                                            *
*    IM                                                  ----           ----              ----                                                                                                                                                                                                            *
*    LINKONCE                                            ----           ----              ----                                                                                                                                                                                                            *
*    VTBL                                                ----           ----              ----                                                                                                                                                                                                            *
* "Init Table"                                           8000           8008              9                                                                                                                                                                                                               *
***********************************************************************************************************************************************************************************************************************************************************************************************************

***********************************************************************************************************************************************************************************************************************************************************************************************************
*                             M E M O R Y     S U M M A R Y                                                                                                                                                                                                                                               *
***********************************************************************************************************************************************************************************************************************************************************************************************************
*     Type                          Total               Using        Remain                                                                                                                                                                                                                               *
***********************************************************************************************************************************************************************************************************************************************************************************************************
* "SRam/OSRam/ISRam"                40                   0            40                                                                                                                                                                                                                                  *
* "Ram"                             800                  7            7F9                                                                                                                                                                                                                                 *
* "First Bank Rom"                  7C00                 3CD          7833                                                                                                                                                                                                                                *
* "Other Banks Rom"                 0                    0            0                                                                                                                                                                                                                                   *
***********************************************************************************************************************************************************************************************************************************************************************************************************

Linker Output Filename : E:\单片机整理\凌阳单片机\模组资料\红外测温模组\Demo_Code\TNRFD_Demo1\Debug\TNRFD_Demo1.S37
Disk  Mapping Filename : E:\单片机整理\凌阳单片机\模组资料\红外测温模组\Demo_Code\TNRFD_Demo1\Debug\TNRFD_Demo1.map
Symbol  Table FileName : E:\单片机整理\凌阳单片机\模组资料\红外测温模组\Demo_Code\TNRFD_Demo1\Debug\TNRFD_Demo1.sym
Format :                 Microtek

Linker Errors :          0
Output Format :          S37
