Wednesday, July 09, 21:01:59, 2003

                    Sunplus u'nSP Linker version 1.8.0 (enc)
                    -------------------------------------------

Global Symbol Name                             Global Value     Global Filename
*********************************************************************************************
_RESET                                             8009         "C:\PROGRAM FILES\SUNPLUS\UNSPIDE180\IDE180\startupD.obj"
__sn_loop                                          8025         "C:\PROGRAM FILES\SUNPLUS\UNSPIDE180\IDE180\startupD.obj"
__sn_loop2                                         8024         "C:\PROGRAM FILES\SUNPLUS\UNSPIDE180\IDE180\startupD.obj"
_RES_Table                                         0            "C:\Program Files\Sunplus\unSPIDE180\base_exa\AD_ch\Debug\Resource.obj"
_main                                              8026         "C:\Program Files\Sunplus\unSPIDE180\base_exa\AD_ch\Debug\main.obj"
*********************************************************************************************

*********************************************************************************************
*                             S E C T I O N     S U M M A R Y                               *
*********************************************************************************************
*     Section Name                             Startting Address   Ending Address    Size   *
*********************************************************************************************
* "C:\PROGRAM FILES\SUNPLUS\UNSPIDE180\IDE180\startupD.obj"                                 *
*    DEBUG                                         ----                 ----         ----   *
*    CODE                                          ----                 ----         ----   *
*    DATA                                          ----                 ----         ----   *
*    TEXT                                          ----                 ----         ----   *
*    IRAM                                          ----                 ----         ----   *
*    ISRAM                                         ----                 ----         ----   *
*    RAM                                           ----                 ----         ----   *
*    SRAM                                          ----                 ----         ----   *
*    ORAM                                          ----                 ----         ----   *
*    OSRAM                                         ----                 ----         ----   *
*    NB_DATA                                       ----                 ----         ----   *
*    unSP_StartUp(TEXT)                            8009                 8025         1D     *
* "C:\Program Files\Sunplus\unSPIDE180\base_exa\AD_ch\Debug\Resource.obj"                   *
*    DEBUG                                         ----                 ----         ----   *
*    CODE                                          ----                 ----         ----   *
*    DATA                                          ----                 ----         ----   *
*    TEXT                                          ----                 ----         ----   *
*    IRAM                                          ----                 ----         ----   *
*    ISRAM                                         ----                 ----         ----   *
*    RAM                                           ----                 ----         ----   *
*    SRAM                                          ----                 ----         ----   *
*    ORAM                                          ----                 ----         ----   *
*    OSRAM                                         ----                 ----         ----   *
*    NB_DATA                                       ----                 ----         ----   *
*    CTOR                                          ----                 ----         ----   *
*    DTOR                                          ----                 ----         ----   *
*    IM                                            ----                 ----         ----   *
* "C:\Program Files\Sunplus\unSPIDE180\base_exa\AD_ch\Debug\main.obj"                       *
*    DEBUG                                         ----                 ----         ----   *
*    CODE                                          8026                 8041         1C     *
*    DATA                                          ----                 ----         ----   *
*    TEXT                                          ----                 ----         ----   *
*    IRAM                                          ----                 ----         ----   *
*    ISRAM                                         ----                 ----         ----   *
*    RAM                                           ----                 ----         ----   *
*    SRAM                                          ----                 ----         ----   *
*    ORAM                                          ----                 ----         ----   *
*    OSRAM                                         ----                 ----         ----   *
*    NB_DATA                                       ----                 ----         ----   *
*    CTOR                                          ----                 ----         ----   *
*    DTOR                                          ----                 ----         ----   *
*    IM                                            ----                 ----         ----   *
* "Init Table"                                     8000                 8008         9      *
*********************************************************************************************

*********************************************************************************************
*                             M E M O R Y     S U M M A R Y                                 *
*********************************************************************************************
*     Type                          Total               Using        Remain                 *
*********************************************************************************************
* "SRam/OSRam/ISRam"                40                   0            40                    *
* "Ram"                             800                  0            800                   *
* "First Bank Rom"                  7C00                 42           7BBE                  *
* "Other Banks Rom"                 0                    0            0                     *
*********************************************************************************************

Linker Output Filename : .\Debug\AD_ch.S37
Disk  Mapping Filename : .\Debug\AD_ch.map
Symbol  Table FileName : .\Debug\AD_ch.sym
Format :                 Microtek

Linker Errors :          0
Output Format :          S37
